{"a":"test","b":null,"c":1,"d":12,"e":[48,57],"f":4.56,"x":4.56,"rec2a":null,"rec3":[]}