{"a":null,"b":null,"c":1,"d":null,"e":null,"f":1.0,"x":3.4,"rec2a":null,"rec3":[]}