{"a":null,"b":null,"c":null,"d":null,"e":null,"f":3.4,"x":4.56,"rec2a":"rec2-test-a:sub-test","rec3":[]}